\BOOKMARK [1][-]{section.1}{\376\377\000I\000n\000t\000r\000o\000d\000u\000c\000t\000i\000o\000n}{}% 1
\BOOKMARK [1][-]{section.2}{\376\377\000R\000e\000l\000a\000t\000e\000d\000\040\000W\000o\000r\000k\000s}{}% 2
\BOOKMARK [1][-]{section.3}{\376\377\000B\000a\000c\000k\000g\000r\000o\000u\000n\000d}{}% 3
\BOOKMARK [2][-]{subsection.3.1}{\376\377\000E\000\050\0003\000\051\000\040\000E\000q\000u\000i\000v\000a\000r\000i\000a\000n\000c\000e}{section.3}% 4
\BOOKMARK [2][-]{subsection.3.2}{\376\377\000I\000r\000r\000e\000d\000u\000c\000i\000b\000l\000e\000\040\000R\000e\000p\000r\000e\000s\000e\000n\000t\000a\000t\000i\000o\000n\000s}{section.3}% 5
\BOOKMARK [2][-]{subsection.3.3}{\376\377\000T\000e\000n\000s\000o\000r\000\040\000P\000r\000o\000d\000u\000c\000t}{section.3}% 6
\BOOKMARK [1][-]{section.4}{\376\377\000E\000q\000u\000i\000f\000o\000r\000m\000e\000r}{}% 7
\BOOKMARK [2][-]{subsection.4.1}{\376\377\000E\000q\000u\000i\000v\000a\000r\000i\000a\000n\000t\000\040\000O\000p\000e\000r\000a\000t\000i\000o\000n\000s\000\040\000f\000o\000r\000\040\000I\000r\000r\000e\000p\000s\000\040\000F\000e\000a\000t\000u\000r\000e\000s}{section.4}% 8
\BOOKMARK [2][-]{subsection.4.2}{\376\377\000E\000q\000u\000i\000v\000a\000r\000i\000a\000n\000t\000\040\000G\000r\000a\000p\000h\000\040\000A\000t\000t\000e\000n\000t\000i\000o\000n}{section.4}% 9
\BOOKMARK [2][-]{subsection.4.3}{\376\377\000O\000v\000e\000r\000a\000l\000l\000\040\000A\000r\000c\000h\000i\000t\000e\000c\000t\000u\000r\000e}{section.4}% 10
\BOOKMARK [1][-]{section.5}{\376\377\000E\000x\000p\000e\000r\000i\000m\000e\000n\000t}{}% 11
\BOOKMARK [2][-]{subsection.5.1}{\376\377\000Q\000M\0009}{section.5}% 12
\BOOKMARK [2][-]{subsection.5.2}{\376\377\000M\000D\0001\0007}{section.5}% 13
\BOOKMARK [2][-]{subsection.5.3}{\376\377\000O\000C\0002\0000}{section.5}% 14
\BOOKMARK [2][-]{subsection.5.4}{\376\377\000A\000b\000l\000a\000t\000i\000o\000n\000\040\000S\000t\000u\000d\000y}{section.5}% 15
\BOOKMARK [1][-]{section.6}{\376\377\000C\000o\000n\000c\000l\000u\000s\000i\000o\000n}{}% 16
\BOOKMARK [1][-]{section.7}{\376\377\000E\000t\000h\000i\000c\000s\000\040\000S\000t\000a\000t\000e\000m\000e\000n\000t}{}% 17
\BOOKMARK [1][-]{section.8}{\376\377\000R\000e\000p\000r\000o\000d\000u\000c\000i\000b\000i\000l\000i\000t\000y\000\040\000S\000t\000a\000t\000e\000m\000e\000n\000t\000\040}{}% 18
\BOOKMARK [1][-]{appendix.A}{\376\377\000A\000d\000d\000i\000t\000i\000o\000n\000a\000l\000\040\000B\000a\000c\000k\000g\000r\000o\000u\000n\000d}{}% 19
\BOOKMARK [2][-]{subsection.A.1}{\376\377\000G\000r\000o\000u\000p\000\040\000T\000h\000e\000o\000r\000y}{appendix.A}% 20
\BOOKMARK [2][-]{subsection.A.2}{\376\377\000E\000q\000u\000i\000v\000a\000r\000i\000a\000n\000c\000e}{appendix.A}% 21
\BOOKMARK [2][-]{subsection.A.3}{\376\377\000E\000q\000u\000i\000v\000a\000r\000i\000a\000n\000t\000\040\000F\000e\000a\000t\000u\000r\000e\000s\000\040\000B\000a\000s\000e\000d\000\040\000o\000n\000\040\000V\000e\000c\000t\000o\000r\000\040\000S\000p\000a\000c\000e\000s\000\040\000o\000f\000\040\000I\000r\000r\000e\000d\000u\000c\000i\000b\000l\000e\000\040\000R\000e\000p\000r\000e\000s\000e\000n\000t\000a\000t\000i\000o\000n\000s}{appendix.A}% 22
\BOOKMARK [2][-]{subsection.A.4}{\376\377\000T\000e\000n\000s\000o\000r\000\040\000P\000r\000o\000d\000u\000c\000t}{appendix.A}% 23
\BOOKMARK [1][-]{appendix.B}{\376\377\000R\000e\000l\000a\000t\000e\000d\000\040\000W\000o\000r\000k\000s}{}% 24
\BOOKMARK [2][-]{subsection.B.1}{\376\377\000G\000r\000a\000p\000h\000\040\000N\000e\000u\000r\000a\000l\000\040\000N\000e\000t\000w\000o\000r\000k\000s\000\040\000f\000o\000r\000\040\0003\000D\000\040\000A\000t\000o\000m\000i\000s\000t\000i\000c\000\040\000G\000r\000a\000p\000h\000s}{appendix.B}% 25
\BOOKMARK [2][-]{subsection.B.2}{\376\377\000D\000e\000t\000a\000i\000l\000e\000d\000\040\000C\000o\000m\000p\000a\000r\000i\000s\000o\000n\000\040\000b\000e\000t\000w\000e\000e\000n\000\040\000e\000q\000u\000i\000v\000a\000r\000i\000a\000n\000t\000\040\000T\000r\000a\000n\000s\000f\000o\000r\000m\000e\000r\000s}{appendix.B}% 26
\BOOKMARK [2][-]{subsection.B.3}{\376\377\000I\000n\000v\000a\000r\000i\000a\000n\000t\000\040\000G\000N\000N\000s}{appendix.B}% 27
\BOOKMARK [2][-]{subsection.B.4}{\376\377\000A\000t\000t\000e\000n\000t\000i\000o\000n\000\040\000a\000n\000d\000\040\000T\000r\000a\000n\000s\000f\000o\000r\000m\000e\000r}{appendix.B}% 28
\BOOKMARK [1][-]{appendix.C}{\376\377\000D\000e\000t\000a\000i\000l\000s\000\040\000o\000f\000\040\000A\000r\000c\000h\000i\000t\000e\000c\000t\000u\000r\000e}{}% 29
\BOOKMARK [2][-]{subsection.C.1}{\376\377\000E\000q\000u\000i\000v\000a\000r\000i\000a\000n\000t\000\040\000O\000p\000e\000r\000a\000t\000i\000o\000n\000\040\000U\000s\000e\000d\000\040\000i\000n\000\040\000E\000q\000u\000i\000f\000o\000r\000m\000e\000r}{appendix.C}% 30
\BOOKMARK [2][-]{subsection.C.2}{\376\377\000E\000q\000u\000i\000f\000o\000r\000m\000e\000r\000\040\000A\000r\000c\000h\000i\000t\000e\000c\000t\000u\000r\000e}{appendix.C}% 31
\BOOKMARK [2][-]{subsection.C.3}{\376\377\000D\000o\000t\000\040\000P\000r\000o\000d\000u\000c\000t\000\040\000A\000t\000t\000e\000n\000t\000i\000o\000n}{appendix.C}% 32
\BOOKMARK [2][-]{subsection.C.4}{\376\377\000I\000n\000c\000o\000r\000p\000o\000r\000a\000t\000i\000n\000g\000\040\000E\000\050\0003\000\051\000-\000E\000q\000u\000i\000v\000a\000r\000i\000a\000n\000c\000e}{appendix.C}% 33
\BOOKMARK [2][-]{subsection.C.5}{\376\377\000D\000i\000s\000c\000u\000s\000s\000i\000o\000n\000\040\000o\000n\000\040\000C\000o\000m\000p\000u\000t\000a\000t\000i\000o\000n\000a\000l\000\040\000C\000o\000m\000p\000l\000e\000x\000i\000t\000y}{appendix.C}% 34
\BOOKMARK [1][-]{appendix.D}{\376\377\000D\000e\000t\000a\000i\000l\000s\000\040\000o\000f\000\040\000E\000x\000p\000e\000r\000i\000m\000e\000n\000t\000s\000\040\000o\000n\000\040\000Q\000M\0009}{}% 35
\BOOKMARK [2][-]{subsection.D.1}{\376\377\000T\000r\000a\000i\000n\000i\000n\000g\000\040\000D\000e\000t\000a\000i\000l\000s}{appendix.D}% 36
\BOOKMARK [2][-]{subsection.D.2}{\376\377\000C\000o\000m\000p\000a\000r\000i\000s\000o\000n\000\040\000b\000e\000t\000w\000e\000e\000n\000\040\000S\000E\000\050\0003\000\051\000\040\000a\000n\000d\000\040\000E\000\050\0003\000\051\000\040\000E\000q\000u\000i\000v\000a\000r\000i\000a\000n\000c\000e}{appendix.D}% 37
\BOOKMARK [2][-]{subsection.D.3}{\376\377\000C\000o\000m\000p\000a\000r\000i\000s\000o\000n\000\040\000o\000f\000\040\000T\000r\000a\000i\000n\000i\000n\000g\000\040\000T\000i\000m\000e\000\040\000a\000n\000d\000\040\000N\000u\000m\000b\000e\000r\000s\000\040\000o\000f\000\040\000P\000a\000r\000a\000m\000e\000t\000e\000r\000s}{appendix.D}% 38
\BOOKMARK [1][-]{appendix.E}{\376\377\000D\000e\000t\000a\000i\000l\000s\000\040\000o\000f\000\040\000E\000x\000p\000e\000r\000i\000m\000e\000n\000t\000s\000\040\000o\000n\000\040\000M\000D\0001\0007}{}% 39
\BOOKMARK [2][-]{subsection.E.1}{\376\377\000T\000r\000a\000i\000n\000i\000n\000g\000\040\000D\000e\000t\000a\000i\000l\000s}{appendix.E}% 40
\BOOKMARK [2][-]{subsection.E.2}{\376\377\000A\000d\000d\000i\000t\000i\000o\000n\000a\000l\000\040\000C\000o\000m\000p\000a\000r\000i\000s\000o\000n\000\040\000t\000o\000\040\000T\000o\000r\000c\000h\000M\000D\000-\000N\000E\000T}{appendix.E}% 41
\BOOKMARK [2][-]{subsection.E.3}{\376\377\000C\000o\000m\000p\000a\000r\000i\000s\000o\000n\000\040\000o\000f\000\040\000T\000r\000a\000i\000n\000i\000n\000g\000\040\000T\000i\000m\000e\000\040\000a\000n\000d\000\040\000N\000u\000m\000b\000e\000r\000s\000\040\000o\000f\000\040\000P\000a\000r\000a\000m\000e\000t\000e\000r\000s}{appendix.E}% 42
\BOOKMARK [1][-]{appendix.F}{\376\377\000D\000e\000t\000a\000i\000l\000s\000\040\000o\000f\000\040\000E\000x\000p\000e\000r\000i\000m\000e\000n\000t\000s\000\040\000o\000n\000\040\000O\000C\0002\0000}{}% 43
\BOOKMARK [2][-]{subsection.F.1}{\376\377\000D\000e\000t\000a\000i\000l\000e\000d\000\040\000D\000e\000s\000c\000r\000i\000p\000t\000i\000o\000n\000\040\000o\000f\000\040\000O\000C\0002\0000\000\040\000D\000a\000t\000a\000s\000e\000t}{appendix.F}% 44
\BOOKMARK [2][-]{subsection.F.2}{\376\377\000T\000r\000a\000i\000n\000i\000n\000g\000\040\000D\000e\000t\000a\000i\000l\000s}{appendix.F}% 45
\BOOKMARK [2][-]{subsection.F.3}{\376\377\000R\000e\000s\000u\000l\000t\000s\000\040\000o\000n\000\040\000I\000S\0002\000R\000E\000\040\000V\000a\000l\000i\000d\000a\000t\000i\000o\000n\000\040\000S\000e\000t}{appendix.F}% 46
\BOOKMARK [2][-]{subsection.F.4}{\376\377\000C\000o\000m\000p\000a\000r\000i\000s\000o\000n\000\040\000b\000e\000t\000w\000e\000e\000n\000\040\000S\000E\000\050\0003\000\051\000\040\000a\000n\000d\000\040\000E\000\050\0003\000\051\000\040\000E\000q\000u\000i\000v\000a\000r\000i\000a\000n\000c\000e}{appendix.F}% 47
\BOOKMARK [2][-]{subsection.F.5}{\376\377\000C\000o\000m\000p\000a\000r\000i\000s\000o\000n\000\040\000o\000f\000\040\000T\000r\000a\000i\000n\000i\000n\000g\000\040\000T\000i\000m\000e\000\040\000a\000n\000d\000\040\000N\000u\000m\000b\000e\000r\000s\000\040\000o\000f\000\040\000P\000a\000r\000a\000m\000e\000t\000e\000r\000s}{appendix.F}% 48
\BOOKMARK [2][-]{subsection.F.6}{\376\377\000E\000r\000r\000o\000r\000\040\000D\000i\000s\000t\000r\000i\000b\000u\000t\000i\000o\000n\000s}{appendix.F}% 49
\BOOKMARK [1][-]{appendix.G}{\376\377\000L\000i\000m\000i\000t\000a\000t\000i\000o\000n\000s}{}% 50
