This is pdfTeX, Version 3.141592653-2.6-1.40.22 (TeX Live 2022/dev/Debian) (preloaded format=pdflatex 2026.6.9)  25 JUN 2026 11:04
entering extended mode
 restricted \write18 enabled.
 %&-line parsing enabled.
**main_remarkable.tex
(./main_remarkable.tex
LaTeX2e <2021-11-15> patch level 1
L3 programming layer <2022-01-21>
(/usr/share/texlive/texmf-dist/tex/latex/base/article.cls
Document Class: article 2021/10/04 v1.4n Standard LaTeX document class
(/usr/share/texlive/texmf-dist/tex/latex/base/size10.clo
File: size10.clo 2021/10/04 v1.4n Standard LaTeX file (size option)
)
\c@part=\count185
\c@section=\count186
\c@subsection=\count187
\c@subsubsection=\count188
\c@paragraph=\count189
\c@subparagraph=\count190
\c@figure=\count191
\c@table=\count192
\abovecaptionskip=\skip47
\belowcaptionskip=\skip48
\bibindent=\dimen138
)
(./iclr2023_conference.sty
(/usr/share/texlive/texmf-dist/tex/latex/eso-pic/eso-pic.sty
Package: eso-pic 2020/10/14 v3.0a eso-pic (RN)
\ESO@tempdima=\dimen139
\ESO@tempdimb=\dimen140

(/usr/share/texlive/texmf-dist/tex/latex/graphics/keyval.sty
Package: keyval 2014/10/28 v1.15 key=value parser (DPC)
\KV@toks@=\toks16
)
(/usr/share/texlive/texmf-dist/tex/latex/xcolor/xcolor.sty
Package: xcolor 2021/10/31 v2.13 LaTeX color extensions (UK)

(/usr/share/texlive/texmf-dist/tex/latex/graphics-cfg/color.cfg
File: color.cfg 2016/01/02 v1.6 sample color configuration
)
Package xcolor Info: Driver file: pdftex.def on input line 227.

(/usr/share/texlive/texmf-dist/tex/latex/graphics-def/pdftex.def
File: pdftex.def 2020/10/05 v1.2a Graphics/color driver for pdftex
)
Package xcolor Info: Model `cmy' substituted by `cmy0' on input line 1352.
Package xcolor Info: Model `hsb' substituted by `rgb' on input line 1356.
Package xcolor Info: Model `RGB' extended on input line 1368.
Package xcolor Info: Model `HTML' substituted by `rgb' on input line 1370.
Package xcolor Info: Model `Hsb' substituted by `hsb' on input line 1371.
Package xcolor Info: Model `tHsb' substituted by `hsb' on input line 1372.
Package xcolor Info: Model `HSB' substituted by `hsb' on input line 1373.
Package xcolor Info: Model `Gray' substituted by `gray' on input line 1374.
Package xcolor Info: Model `wave' substituted by `hsb' on input line 1375.
))
(./fancyhdr.sty
\fancy@headwidth=\skip49
\f@ncyO@elh=\skip50
\f@ncyO@erh=\skip51
\f@ncyO@olh=\skip52
\f@ncyO@orh=\skip53
\f@ncyO@elf=\skip54
\f@ncyO@erf=\skip55
\f@ncyO@olf=\skip56
\f@ncyO@orf=\skip57
) (./natbib.sty
Package: natbib 2009/07/16 8.31 (PWD, AO)
\bibhang=\skip58
\bibsep=\skip59
LaTeX Info: Redefining \cite on input line 694.
\c@NAT@ctr=\count193
))
(/usr/share/texlive/texmf-dist/tex/latex/psnfss/times.sty
Package: times 2020/03/25 PSNFSS-v9.3 (SPQR) 
) (./math_commands.tex (/usr/share/texlive/texmf-dist/tex/latex/amsmath/amsmath
.sty
Package: amsmath 2021/10/15 v2.17l AMS math features
\@mathmargin=\skip60

For additional information on amsmath, use the `?' option.
(/usr/share/texlive/texmf-dist/tex/latex/amsmath/amstext.sty
Package: amstext 2021/08/26 v2.01 AMS text

(/usr/share/texlive/texmf-dist/tex/latex/amsmath/amsgen.sty
File: amsgen.sty 1999/11/30 v2.0 generic functions
\@emptytoks=\toks17
\ex@=\dimen141
))
(/usr/share/texlive/texmf-dist/tex/latex/amsmath/amsbsy.sty
Package: amsbsy 1999/11/29 v1.2d Bold Symbols
\pmbraise@=\dimen142
)
(/usr/share/texlive/texmf-dist/tex/latex/amsmath/amsopn.sty
Package: amsopn 2021/08/26 v2.02 operator names
)
\inf@bad=\count194
LaTeX Info: Redefining \frac on input line 234.
\uproot@=\count195
\leftroot@=\count196
LaTeX Info: Redefining \overline on input line 399.
\classnum@=\count197
\DOTSCASE@=\count198
LaTeX Info: Redefining \ldots on input line 496.
LaTeX Info: Redefining \dots on input line 499.
LaTeX Info: Redefining \cdots on input line 620.
\Mathstrutbox@=\box50
\strutbox@=\box51
\big@size=\dimen143
LaTeX Font Info:    Redeclaring font encoding OML on input line 743.
LaTeX Font Info:    Redeclaring font encoding OMS on input line 744.
\macc@depth=\count199
\c@MaxMatrixCols=\count266
\dotsspace@=\muskip16
\c@parentequation=\count267
\dspbrk@lvl=\count268
\tag@help=\toks18
\row@=\count269
\column@=\count270
\maxfields@=\count271
\andhelp@=\toks19
\eqnshift@=\dimen144
\alignsep@=\dimen145
\tagshift@=\dimen146
\tagwidth@=\dimen147
\totwidth@=\dimen148
\lineht@=\dimen149
\@envbody=\toks20
\multlinegap=\skip61
\multlinetaggap=\skip62
\mathdisplay@stack=\toks21
LaTeX Info: Redefining \[ on input line 2938.
LaTeX Info: Redefining \] on input line 2939.
)
(/usr/share/texlive/texmf-dist/tex/latex/amsfonts/amsfonts.sty
Package: amsfonts 2013/01/14 v3.01 Basic AMSFonts support
\symAMSa=\mathgroup4
\symAMSb=\mathgroup5
LaTeX Font Info:    Redeclaring math symbol \hbar on input line 98.
LaTeX Font Info:    Overwriting math alphabet `\mathfrak' in version `bold'
(Font)                  U/euf/m/n --> U/euf/b/n on input line 106.
)
(/usr/share/texlive/texmf-dist/tex/latex/tools/bm.sty
Package: bm 2021/04/25 v1.2e Bold Symbol Support (DPC/FMi)
\symboldoperators=\mathgroup6
\symboldletters=\mathgroup7
\symboldsymbols=\mathgroup8
Package bm Info: No bold for \OMX/cmex/m/n, using \pmb.
Package bm Info: No bold for \U/msa/m/n, using \pmb.
Package bm Info: No bold for \U/msb/m/n, using \pmb.
LaTeX Font Info:    Redeclaring math alphabet \mathbf on input line 149.
)
LaTeX Font Info:    Overwriting math alphabet `\mathsfit' in version `bold'
(Font)                  OT1/phv/m/sl --> OT1/phv/bx/n on input line 314.
)
(/usr/share/texlive/texmf-dist/tex/latex/hyperref/hyperref.sty
Package: hyperref 2021-06-07 v7.00m Hypertext links for LaTeX

(/usr/share/texlive/texmf-dist/tex/generic/ltxcmds/ltxcmds.sty
Package: ltxcmds 2020-05-10 v1.25 LaTeX kernel commands for general use (HO)
)
(/usr/share/texlive/texmf-dist/tex/generic/iftex/iftex.sty
Package: iftex 2020/03/06 v1.0d TeX engine tests
)
(/usr/share/texlive/texmf-dist/tex/generic/pdftexcmds/pdftexcmds.sty
Package: pdftexcmds 2020-06-27 v0.33 Utility functions of pdfTeX for LuaTeX (HO
)

(/usr/share/texlive/texmf-dist/tex/generic/infwarerr/infwarerr.sty
Package: infwarerr 2019/12/03 v1.5 Providing info/warning/error messages (HO)
)
Package pdftexcmds Info: \pdf@primitive is available.
Package pdftexcmds Info: \pdf@ifprimitive is available.
Package pdftexcmds Info: \pdfdraftmode found.
)
(/usr/share/texlive/texmf-dist/tex/generic/kvsetkeys/kvsetkeys.sty
Package: kvsetkeys 2019/12/15 v1.18 Key value parser (HO)
)
(/usr/share/texlive/texmf-dist/tex/generic/kvdefinekeys/kvdefinekeys.sty
Package: kvdefinekeys 2019-12-19 v1.6 Define keys (HO)
)
(/usr/share/texlive/texmf-dist/tex/generic/pdfescape/pdfescape.sty
Package: pdfescape 2019/12/09 v1.15 Implements pdfTeX's escape features (HO)
)
(/usr/share/texlive/texmf-dist/tex/latex/hycolor/hycolor.sty
Package: hycolor 2020-01-27 v1.10 Color options for hyperref/bookmark (HO)
)
(/usr/share/texlive/texmf-dist/tex/latex/letltxmacro/letltxmacro.sty
Package: letltxmacro 2019/12/03 v1.6 Let assignment for LaTeX macros (HO)
)
(/usr/share/texlive/texmf-dist/tex/latex/auxhook/auxhook.sty
Package: auxhook 2019-12-17 v1.6 Hooks for auxiliary files (HO)
)
(/usr/share/texlive/texmf-dist/tex/latex/kvoptions/kvoptions.sty
Package: kvoptions 2020-10-07 v3.14 Key value format for package options (HO)
)
\@linkdim=\dimen150
\Hy@linkcounter=\count272
\Hy@pagecounter=\count273

(/usr/share/texlive/texmf-dist/tex/latex/hyperref/pd1enc.def
File: pd1enc.def 2021-06-07 v7.00m Hyperref: PDFDocEncoding definition (HO)
Now handling font encoding PD1 ...
... no UTF-8 mapping file for font encoding PD1
)
(/usr/share/texlive/texmf-dist/tex/latex/hyperref/hyperref-langpatches.def
File: hyperref-langpatches.def 2021-06-07 v7.00m Hyperref: patches for babel la
nguages
)
(/usr/share/texlive/texmf-dist/tex/generic/intcalc/intcalc.sty
Package: intcalc 2019/12/15 v1.3 Expandable calculations with integers (HO)
)
(/usr/share/texlive/texmf-dist/tex/generic/etexcmds/etexcmds.sty
Package: etexcmds 2019/12/15 v1.7 Avoid name clashes with e-TeX commands (HO)
)
\Hy@SavedSpaceFactor=\count274

(/usr/share/texlive/texmf-dist/tex/latex/hyperref/puenc.def
File: puenc.def 2021-06-07 v7.00m Hyperref: PDF Unicode definition (HO)
Now handling font encoding PU ...
... no UTF-8 mapping file for font encoding PU
)
Package hyperref Info: Hyper figures OFF on input line 4192.
Package hyperref Info: Link nesting OFF on input line 4197.
Package hyperref Info: Hyper index ON on input line 4200.
Package hyperref Info: Plain pages OFF on input line 4207.
Package hyperref Info: Backreferencing OFF on input line 4212.
Package hyperref Info: Implicit mode ON; LaTeX internals redefined.
Package hyperref Info: Bookmarks ON on input line 4445.
\c@Hy@tempcnt=\count275

(/usr/share/texlive/texmf-dist/tex/latex/url/url.sty
\Urlmuskip=\muskip17
Package: url 2013/09/16  ver 3.4  Verb mode for urls, etc.
)
LaTeX Info: Redefining \url on input line 4804.
\XeTeXLinkMargin=\dimen151

(/usr/share/texlive/texmf-dist/tex/generic/bitset/bitset.sty
Package: bitset 2019/12/09 v1.3 Handle bit-vector datatype (HO)

(/usr/share/texlive/texmf-dist/tex/generic/bigintcalc/bigintcalc.sty
Package: bigintcalc 2019/12/15 v1.5 Expandable calculations on big integers (HO
)
))
\Fld@menulength=\count276
\Field@Width=\dimen152
\Fld@charsize=\dimen153
Package hyperref Info: Hyper figures OFF on input line 6076.
Package hyperref Info: Link nesting OFF on input line 6081.
Package hyperref Info: Hyper index ON on input line 6084.
Package hyperref Info: backreferencing OFF on input line 6091.
Package hyperref Info: Link coloring OFF on input line 6096.
Package hyperref Info: Link coloring with OCG OFF on input line 6101.
Package hyperref Info: PDF/A mode OFF on input line 6106.
LaTeX Info: Redefining \ref on input line 6146.
LaTeX Info: Redefining \pageref on input line 6150.

(/usr/share/texlive/texmf-dist/tex/latex/base/atbegshi-ltx.sty
Package: atbegshi-ltx 2021/01/10 v1.0c Emulation of the original atbegshi
package with kernel methods
)
\Hy@abspage=\count277
\c@Item=\count278
\c@Hfootnote=\count279
)
Package hyperref Info: Driver (autodetected): hpdftex.

(/usr/share/texlive/texmf-dist/tex/latex/hyperref/hpdftex.def
File: hpdftex.def 2021-06-07 v7.00m Hyperref driver for pdfTeX

(/usr/share/texlive/texmf-dist/tex/latex/base/atveryend-ltx.sty
Package: atveryend-ltx 2020/08/19 v1.0a Emulation of the original atveryend pac
kage
with kernel methods
)
\Fld@listcount=\count280
\c@bookmark@seq@number=\count281

(/usr/share/texlive/texmf-dist/tex/latex/rerunfilecheck/rerunfilecheck.sty
Package: rerunfilecheck 2019/12/05 v1.9 Rerun checks for auxiliary files (HO)

(/usr/share/texlive/texmf-dist/tex/generic/uniquecounter/uniquecounter.sty
Package: uniquecounter 2019/12/15 v1.4 Provide unlimited unique counter (HO)
)
Package uniquecounter Info: New unique counter `rerunfilecheck' on input line 2
86.
)
\Hy@SectionHShift=\skip63
)
(/usr/share/texlive/texmf-dist/tex/latex/base/inputenc.sty
Package: inputenc 2021/02/14 v1.3d Input encoding file
\inpenc@prehook=\toks22
\inpenc@posthook=\toks23
)
(/usr/share/texlive/texmf-dist/tex/latex/base/fontenc.sty
Package: fontenc 2021/04/29 v2.0v Standard LaTeX package
LaTeX Font Info:    Trying to load font information for T1+ptm on input line 11
2.

(/usr/share/texlive/texmf-dist/tex/latex/psnfss/t1ptm.fd
File: t1ptm.fd 2001/06/04 font definitions for T1/ptm.
))
(/usr/share/texlive/texmf-dist/tex/latex/booktabs/booktabs.sty
Package: booktabs 2020/01/12 v1.61803398 Publication quality tables
\heavyrulewidth=\dimen154
\lightrulewidth=\dimen155
\cmidrulewidth=\dimen156
\belowrulesep=\dimen157
\belowbottomsep=\dimen158
\aboverulesep=\dimen159
\abovetopsep=\dimen160
\cmidrulesep=\dimen161
\cmidrulekern=\dimen162
\defaultaddspace=\dimen163
\@cmidla=\count282
\@cmidlb=\count283
\@aboverulesep=\dimen164
\@belowrulesep=\dimen165
\@thisruleclass=\count284
\@lastruleclass=\count285
\@thisrulewidth=\dimen166
)
(/usr/share/texlive/texmf-dist/tex/latex/units/nicefrac.sty
Package: nicefrac 1998/08/04 v0.9b Nice fractions
\L@UnitsRaiseDisplaystyle=\skip64
\L@UnitsRaiseTextstyle=\skip65
\L@UnitsRaiseScriptstyle=\skip66

(/usr/share/texlive/texmf-dist/tex/latex/base/ifthen.sty
Package: ifthen 2020/11/24 v1.1c Standard LaTeX ifthen package (DPC)
))
(/usr/share/texlive/texmf-dist/tex/latex/microtype/microtype.sty
Package: microtype 2021/12/10 v3.0b Micro-typographical refinements (RS)

(/usr/share/texlive/texmf-dist/tex/latex/etoolbox/etoolbox.sty
Package: etoolbox 2020/10/05 v2.5k e-TeX tools for LaTeX (JAW)
\etb@tempcnta=\count286
)
\MT@toks=\toks24
\MT@count=\count287
\MT@tempbox=\box52
LaTeX Info: Redefining \leftprotrusion on input line 1010.
LaTeX Info: Redefining \rightprotrusion on input line 1018.
LaTeX Info: Redefining \textls on input line 1173.
\MT@outer@kern=\dimen167
LaTeX Info: Redefining \textmicrotypecontext on input line 1759.
\MT@listname@count=\count288

(/usr/share/texlive/texmf-dist/tex/latex/microtype/microtype-pdftex.def
File: microtype-pdftex.def 2021/12/10 v3.0b Definitions specific to pdftex (RS)

LaTeX Info: Redefining \lsstyle on input line 897.
LaTeX Info: Redefining \lslig on input line 897.
\MT@outer@space=\skip67
)
Package microtype Info: Loading configuration file microtype.cfg.

(/usr/share/texlive/texmf-dist/tex/latex/microtype/microtype.cfg
File: microtype.cfg 2021/12/10 v3.0b microtype main configuration file (RS)
))
(/usr/share/texlive/texmf-dist/tex/latex/graphics/graphicx.sty
Package: graphicx 2021/09/16 v1.2d Enhanced LaTeX Graphics (DPC,SPQR)

(/usr/share/texlive/texmf-dist/tex/latex/graphics/graphics.sty
Package: graphics 2021/03/04 v1.4d Standard LaTeX Graphics (DPC,SPQR)

(/usr/share/texlive/texmf-dist/tex/latex/graphics/trig.sty
Package: trig 2021/08/11 v1.11 sin cos tan (DPC)
)
(/usr/share/texlive/texmf-dist/tex/latex/graphics-cfg/graphics.cfg
File: graphics.cfg 2016/06/04 v1.11 sample graphics configuration
)
Package graphics Info: Driver file: pdftex.def on input line 107.
)
\Gin@req@height=\dimen168
\Gin@req@width=\dimen169
)
(/usr/share/texlive/texmf-dist/tex/latex/wrapfig/wrapfig.sty
\wrapoverhang=\dimen170
\WF@size=\dimen171
\c@WF@wrappedlines=\count289
\WF@box=\box53
\WF@everypar=\toks25
Package: wrapfig 2003/01/31  v 3.6
)
(/usr/share/texlive/texmf-dist/tex/latex/lipsum/lipsum.sty
(/usr/share/texlive/texmf-dist/tex/latex/l3packages/l3keys2e/l3keys2e.sty
(/usr/share/texlive/texmf-dist/tex/latex/l3kernel/expl3.sty
Package: expl3 2022-01-21 L3 programming layer (loader) 

(/usr/share/texlive/texmf-dist/tex/latex/l3backend/l3backend-pdftex.def
File: l3backend-pdftex.def 2022-01-12 L3 backend support: PDF output (pdfTeX)
\l__color_backend_stack_int=\count290
\l__pdf_internal_box=\box54
))
Package: l3keys2e 2022-01-12 LaTeX2e option processing using LaTeX3 keys
)
Package: lipsum 2021-09-20 v2.7 150 paragraphs of Lorem Ipsum dummy text
\g__lipsum_par_int=\count291
\l__lipsum_a_int=\count292
\l__lipsum_b_int=\count293

(/usr/share/texlive/texmf-dist/tex/latex/lipsum/lipsum.ltd.tex))
(/usr/share/texlive/texmf-dist/tex/latex/multirow/multirow.sty
Package: multirow 2021/03/15 v2.8 Span multiple rows of a table
\multirow@colwidth=\skip68
\multirow@cntb=\count294
\multirow@dima=\skip69
\bigstrutjot=\dimen172
)
(/usr/share/texlive/texmf-dist/tex/latex/caption/caption.sty
Package: caption 2020/10/26 v3.5g Customizing captions (AR)

(/usr/share/texlive/texmf-dist/tex/latex/caption/caption3.sty
Package: caption3 2020/10/21 v2.2e caption3 kernel (AR)
\captionmargin=\dimen173
\captionmargin@=\dimen174
\captionwidth=\dimen175
\caption@tempdima=\dimen176
\caption@indent=\dimen177
\caption@parindent=\dimen178
\caption@hangindent=\dimen179
Package caption Info: Standard document class detected.
)
\c@caption@flags=\count295
\c@continuedfloat=\count296
Package caption Info: hyperref package is loaded.
Package caption Info: wrapfig package is loaded.
)
(/usr/share/texlive/texmf-dist/tex/latex/tools/tabularx.sty
Package: tabularx 2020/01/15 v2.11c `tabularx' package (DPC)

(/usr/share/texlive/texmf-dist/tex/latex/tools/array.sty
Package: array 2021/10/04 v2.5f Tabular extension package (FMi)
\col@sep=\dimen180
\ar@mcellbox=\box55
\extrarowheight=\dimen181
\NC@list=\toks26
\extratabsurround=\skip70
\backup@length=\skip71
\ar@cellbox=\box56
)
\TX@col@width=\dimen182
\TX@old@table=\dimen183
\TX@old@col=\dimen184
\TX@target=\dimen185
\TX@delta=\dimen186
\TX@cols=\count297
\TX@ftn=\toks27
)
(/usr/share/texlive/texmf-dist/tex/latex/amsfonts/amssymb.sty
Package: amssymb 2013/01/14 v3.01 AMS font symbols
)
(/usr/share/texlive/texmf-dist/tex/latex/psnfss/pifont.sty
Package: pifont 2020/03/25 PSNFSS-v9.3 Pi font support (SPQR) 
LaTeX Font Info:    Trying to load font information for U+pzd on input line 63.


(/usr/share/texlive/texmf-dist/tex/latex/psnfss/upzd.fd
File: upzd.fd 2001/06/04 font definitions for U/pzd.
)
LaTeX Font Info:    Trying to load font information for U+psy on input line 64.


(/usr/share/texlive/texmf-dist/tex/latex/psnfss/upsy.fd
File: upsy.fd 2001/06/04 font definitions for U/psy.
))
(/usr/share/texlive/texmf-dist/tex/latex/l3packages/xparse/xparse.sty
Package: xparse 2022-01-12 L3 Experimental document command parser
)
(/usr/share/texlive/texmf-dist/tex/latex/pgf/frontendlayer/tikz.sty
(/usr/share/texlive/texmf-dist/tex/latex/pgf/basiclayer/pgf.sty
(/usr/share/texlive/texmf-dist/tex/latex/pgf/utilities/pgfrcs.sty
(/usr/share/texlive/texmf-dist/tex/generic/pgf/utilities/pgfutil-common.tex
\pgfutil@everybye=\toks28
\pgfutil@tempdima=\dimen187
\pgfutil@tempdimb=\dimen188

(/usr/share/texlive/texmf-dist/tex/generic/pgf/utilities/pgfutil-common-lists.t
ex)) (/usr/share/texlive/texmf-dist/tex/generic/pgf/utilities/pgfutil-latex.def
\pgfutil@abb=\box57
) (/usr/share/texlive/texmf-dist/tex/generic/pgf/utilities/pgfrcs.code.tex
(/usr/share/texlive/texmf-dist/tex/generic/pgf/pgf.revision.tex)
Package: pgfrcs 2021/05/15 v3.1.9a (3.1.9a)
))
Package: pgf 2021/05/15 v3.1.9a (3.1.9a)

(/usr/share/texlive/texmf-dist/tex/latex/pgf/basiclayer/pgfcore.sty
(/usr/share/texlive/texmf-dist/tex/latex/pgf/systemlayer/pgfsys.sty
(/usr/share/texlive/texmf-dist/tex/generic/pgf/systemlayer/pgfsys.code.tex
Package: pgfsys 2021/05/15 v3.1.9a (3.1.9a)

(/usr/share/texlive/texmf-dist/tex/generic/pgf/utilities/pgfkeys.code.tex
\pgfkeys@pathtoks=\toks29
\pgfkeys@temptoks=\toks30

(/usr/share/texlive/texmf-dist/tex/generic/pgf/utilities/pgfkeysfiltered.code.t
ex
\pgfkeys@tmptoks=\toks31
))
\pgf@x=\dimen189
\pgf@y=\dimen190
\pgf@xa=\dimen191
\pgf@ya=\dimen192
\pgf@xb=\dimen193
\pgf@yb=\dimen194
\pgf@xc=\dimen195
\pgf@yc=\dimen196
\pgf@xd=\dimen197
\pgf@yd=\dimen198
\w@pgf@writea=\write3
\r@pgf@reada=\read2
\c@pgf@counta=\count298
\c@pgf@countb=\count299
\c@pgf@countc=\count300
\c@pgf@countd=\count301
\t@pgf@toka=\toks32
\t@pgf@tokb=\toks33
\t@pgf@tokc=\toks34
\pgf@sys@id@count=\count302
 (/usr/share/texlive/texmf-dist/tex/generic/pgf/systemlayer/pgf.cfg
File: pgf.cfg 2021/05/15 v3.1.9a (3.1.9a)
)
Driver file for pgf: pgfsys-pdftex.def

(/usr/share/texlive/texmf-dist/tex/generic/pgf/systemlayer/pgfsys-pdftex.def
File: pgfsys-pdftex.def 2021/05/15 v3.1.9a (3.1.9a)

(/usr/share/texlive/texmf-dist/tex/generic/pgf/systemlayer/pgfsys-common-pdf.de
f
File: pgfsys-common-pdf.def 2021/05/15 v3.1.9a (3.1.9a)
)))
(/usr/share/texlive/texmf-dist/tex/generic/pgf/systemlayer/pgfsyssoftpath.code.
tex
File: pgfsyssoftpath.code.tex 2021/05/15 v3.1.9a (3.1.9a)
\pgfsyssoftpath@smallbuffer@items=\count303
\pgfsyssoftpath@bigbuffer@items=\count304
)
(/usr/share/texlive/texmf-dist/tex/generic/pgf/systemlayer/pgfsysprotocol.code.
tex
File: pgfsysprotocol.code.tex 2021/05/15 v3.1.9a (3.1.9a)
))
(/usr/share/texlive/texmf-dist/tex/generic/pgf/basiclayer/pgfcore.code.tex
Package: pgfcore 2021/05/15 v3.1.9a (3.1.9a)

(/usr/share/texlive/texmf-dist/tex/generic/pgf/math/pgfmath.code.tex
(/usr/share/texlive/texmf-dist/tex/generic/pgf/math/pgfmathcalc.code.tex
(/usr/share/texlive/texmf-dist/tex/generic/pgf/math/pgfmathutil.code.tex)
(/usr/share/texlive/texmf-dist/tex/generic/pgf/math/pgfmathparser.code.tex
\pgfmath@dimen=\dimen199
\pgfmath@count=\count305
\pgfmath@box=\box58
\pgfmath@toks=\toks35
\pgfmath@stack@operand=\toks36
\pgfmath@stack@operation=\toks37
)
(/usr/share/texlive/texmf-dist/tex/generic/pgf/math/pgfmathfunctions.code.tex
(/usr/share/texlive/texmf-dist/tex/generic/pgf/math/pgfmathfunctions.basic.code
.tex)
(/usr/share/texlive/texmf-dist/tex/generic/pgf/math/pgfmathfunctions.trigonomet
ric.code.tex)
(/usr/share/texlive/texmf-dist/tex/generic/pgf/math/pgfmathfunctions.random.cod
e.tex)
(/usr/share/texlive/texmf-dist/tex/generic/pgf/math/pgfmathfunctions.comparison
.code.tex)
(/usr/share/texlive/texmf-dist/tex/generic/pgf/math/pgfmathfunctions.base.code.
tex)
(/usr/share/texlive/texmf-dist/tex/generic/pgf/math/pgfmathfunctions.round.code
.tex)
(/usr/share/texlive/texmf-dist/tex/generic/pgf/math/pgfmathfunctions.misc.code.
tex)
(/usr/share/texlive/texmf-dist/tex/generic/pgf/math/pgfmathfunctions.integerari
thmetics.code.tex)))
(/usr/share/texlive/texmf-dist/tex/generic/pgf/math/pgfmathfloat.code.tex
\c@pgfmathroundto@lastzeros=\count306
))
(/usr/share/texlive/texmf-dist/tex/generic/pgf/math/pgfint.code.tex)
(/usr/share/texlive/texmf-dist/tex/generic/pgf/basiclayer/pgfcorepoints.code.te
x
File: pgfcorepoints.code.tex 2021/05/15 v3.1.9a (3.1.9a)
\pgf@picminx=\dimen256
\pgf@picmaxx=\dimen257
\pgf@picminy=\dimen258
\pgf@picmaxy=\dimen259
\pgf@pathminx=\dimen260
\pgf@pathmaxx=\dimen261
\pgf@pathminy=\dimen262
\pgf@pathmaxy=\dimen263
\pgf@xx=\dimen264
\pgf@xy=\dimen265
\pgf@yx=\dimen266
\pgf@yy=\dimen267
\pgf@zx=\dimen268
\pgf@zy=\dimen269
)
(/usr/share/texlive/texmf-dist/tex/generic/pgf/basiclayer/pgfcorepathconstruct.
code.tex
File: pgfcorepathconstruct.code.tex 2021/05/15 v3.1.9a (3.1.9a)
\pgf@path@lastx=\dimen270
\pgf@path@lasty=\dimen271
)
(/usr/share/texlive/texmf-dist/tex/generic/pgf/basiclayer/pgfcorepathusage.code
.tex
File: pgfcorepathusage.code.tex 2021/05/15 v3.1.9a (3.1.9a)
\pgf@shorten@end@additional=\dimen272
\pgf@shorten@start@additional=\dimen273
)
(/usr/share/texlive/texmf-dist/tex/generic/pgf/basiclayer/pgfcorescopes.code.te
x
File: pgfcorescopes.code.tex 2021/05/15 v3.1.9a (3.1.9a)
\pgfpic=\box59
\pgf@hbox=\box60
\pgf@layerbox@main=\box61
\pgf@picture@serial@count=\count307
)
(/usr/share/texlive/texmf-dist/tex/generic/pgf/basiclayer/pgfcoregraphicstate.c
ode.tex
File: pgfcoregraphicstate.code.tex 2021/05/15 v3.1.9a (3.1.9a)
\pgflinewidth=\dimen274
)
(/usr/share/texlive/texmf-dist/tex/generic/pgf/basiclayer/pgfcoretransformation
s.code.tex
File: pgfcoretransformations.code.tex 2021/05/15 v3.1.9a (3.1.9a)
\pgf@pt@x=\dimen275
\pgf@pt@y=\dimen276
\pgf@pt@temp=\dimen277
)
(/usr/share/texlive/texmf-dist/tex/generic/pgf/basiclayer/pgfcorequick.code.tex
File: pgfcorequick.code.tex 2021/05/15 v3.1.9a (3.1.9a)
)
(/usr/share/texlive/texmf-dist/tex/generic/pgf/basiclayer/pgfcoreobjects.code.t
ex
File: pgfcoreobjects.code.tex 2021/05/15 v3.1.9a (3.1.9a)
)
(/usr/share/texlive/texmf-dist/tex/generic/pgf/basiclayer/pgfcorepathprocessing
.code.tex
File: pgfcorepathprocessing.code.tex 2021/05/15 v3.1.9a (3.1.9a)
)
(/usr/share/texlive/texmf-dist/tex/generic/pgf/basiclayer/pgfcorearrows.code.te
x
File: pgfcorearrows.code.tex 2021/05/15 v3.1.9a (3.1.9a)
\pgfarrowsep=\dimen278
)
(/usr/share/texlive/texmf-dist/tex/generic/pgf/basiclayer/pgfcoreshade.code.tex
File: pgfcoreshade.code.tex 2021/05/15 v3.1.9a (3.1.9a)
\pgf@max=\dimen279
\pgf@sys@shading@range@num=\count308
\pgf@shadingcount=\count309
)
(/usr/share/texlive/texmf-dist/tex/generic/pgf/basiclayer/pgfcoreimage.code.tex
File: pgfcoreimage.code.tex 2021/05/15 v3.1.9a (3.1.9a)

(/usr/share/texlive/texmf-dist/tex/generic/pgf/basiclayer/pgfcoreexternal.code.
tex
File: pgfcoreexternal.code.tex 2021/05/15 v3.1.9a (3.1.9a)
\pgfexternal@startupbox=\box62
))
(/usr/share/texlive/texmf-dist/tex/generic/pgf/basiclayer/pgfcorelayers.code.te
x
File: pgfcorelayers.code.tex 2021/05/15 v3.1.9a (3.1.9a)
)
(/usr/share/texlive/texmf-dist/tex/generic/pgf/basiclayer/pgfcoretransparency.c
ode.tex
File: pgfcoretransparency.code.tex 2021/05/15 v3.1.9a (3.1.9a)
)
(/usr/share/texlive/texmf-dist/tex/generic/pgf/basiclayer/pgfcorepatterns.code.
tex
File: pgfcorepatterns.code.tex 2021/05/15 v3.1.9a (3.1.9a)
)
(/usr/share/texlive/texmf-dist/tex/generic/pgf/basiclayer/pgfcorerdf.code.tex
File: pgfcorerdf.code.tex 2021/05/15 v3.1.9a (3.1.9a)
)))
(/usr/share/texlive/texmf-dist/tex/generic/pgf/modules/pgfmoduleshapes.code.tex
File: pgfmoduleshapes.code.tex 2021/05/15 v3.1.9a (3.1.9a)
\pgfnodeparttextbox=\box63
) (/usr/share/texlive/texmf-dist/tex/generic/pgf/modules/pgfmoduleplot.code.tex
File: pgfmoduleplot.code.tex 2021/05/15 v3.1.9a (3.1.9a)
)
(/usr/share/texlive/texmf-dist/tex/latex/pgf/compatibility/pgfcomp-version-0-65
.sty
Package: pgfcomp-version-0-65 2021/05/15 v3.1.9a (3.1.9a)
\pgf@nodesepstart=\dimen280
\pgf@nodesepend=\dimen281
)
(/usr/share/texlive/texmf-dist/tex/latex/pgf/compatibility/pgfcomp-version-1-18
.sty
Package: pgfcomp-version-1-18 2021/05/15 v3.1.9a (3.1.9a)
)) (/usr/share/texlive/texmf-dist/tex/latex/pgf/utilities/pgffor.sty
(/usr/share/texlive/texmf-dist/tex/latex/pgf/utilities/pgfkeys.sty
(/usr/share/texlive/texmf-dist/tex/generic/pgf/utilities/pgfkeys.code.tex))
(/usr/share/texlive/texmf-dist/tex/latex/pgf/math/pgfmath.sty
(/usr/share/texlive/texmf-dist/tex/generic/pgf/math/pgfmath.code.tex))
(/usr/share/texlive/texmf-dist/tex/generic/pgf/utilities/pgffor.code.tex
Package: pgffor 2021/05/15 v3.1.9a (3.1.9a)

(/usr/share/texlive/texmf-dist/tex/generic/pgf/math/pgfmath.code.tex)
\pgffor@iter=\dimen282
\pgffor@skip=\dimen283
\pgffor@stack=\toks38
\pgffor@toks=\toks39
))
(/usr/share/texlive/texmf-dist/tex/generic/pgf/frontendlayer/tikz/tikz.code.tex
Package: tikz 2021/05/15 v3.1.9a (3.1.9a)

(/usr/share/texlive/texmf-dist/tex/generic/pgf/libraries/pgflibraryplothandlers
.code.tex
File: pgflibraryplothandlers.code.tex 2021/05/15 v3.1.9a (3.1.9a)
\pgf@plot@mark@count=\count310
\pgfplotmarksize=\dimen284
)
\tikz@lastx=\dimen285
\tikz@lasty=\dimen286
\tikz@lastxsaved=\dimen287
\tikz@lastysaved=\dimen288
\tikz@lastmovetox=\dimen289
\tikz@lastmovetoy=\dimen290
\tikzleveldistance=\dimen291
\tikzsiblingdistance=\dimen292
\tikz@figbox=\box64
\tikz@figbox@bg=\box65
\tikz@tempbox=\box66
\tikz@tempbox@bg=\box67
\tikztreelevel=\count311
\tikznumberofchildren=\count312
\tikznumberofcurrentchild=\count313
\tikz@fig@count=\count314

(/usr/share/texlive/texmf-dist/tex/generic/pgf/modules/pgfmodulematrix.code.tex
File: pgfmodulematrix.code.tex 2021/05/15 v3.1.9a (3.1.9a)
\pgfmatrixcurrentrow=\count315
\pgfmatrixcurrentcolumn=\count316
\pgf@matrix@numberofcolumns=\count317
)
\tikz@expandcount=\count318

(/usr/share/texlive/texmf-dist/tex/generic/pgf/frontendlayer/tikz/libraries/tik
zlibrarytopaths.code.tex
File: tikzlibrarytopaths.code.tex 2021/05/15 v3.1.9a (3.1.9a)
)))
(/usr/share/texlive/texmf-dist/tex/generic/ulem/ulem.sty
\UL@box=\box68
\UL@hyphenbox=\box69
\UL@skip=\skip72
\UL@hook=\toks40
\UL@height=\dimen293
\UL@pe=\count319
\UL@pixel=\dimen294
\ULC@box=\box70
Package: ulem 2019/11/18
\ULdepth=\dimen295
)
(/usr/share/texlive/texmf-dist/tex/latex/caption/subcaption.sty
Package: subcaption 2020/10/07 v1.3j Sub-captions (AR)
\c@subfigure=\count320
\c@subtable=\count321
)
(/usr/share/texlive/texmf-dist/tex/latex/comment/comment.sty
\CommentStream=\write4

Excluding comment 'comment')
(/usr/share/texlive/texmf-dist/tex/latex/changepage/changepage.sty
Package: changepage 2009/10/20 v1.0c check page and change page layout
\c@cp@cntr=\count322
\cp@tempcnt=\count323
)
(/usr/share/texlive/texmf-dist/tex/latex/appendix/appendix.sty
Package: appendix 2020/02/08 v1.2c extra appendix facilities
\c@@pps=\count324
\c@@ppsavesec=\count325
\c@@ppsaveapp=\count326
)
(/usr/share/texlive/texmf-dist/tex/latex/minitoc/minitoc.sty
Package: minitoc 2018/07/12 v62 Package minitoc

(/usr/share/texlive/texmf-dist/tex/latex/minitoc/mtcmess.sty
Package: mtcmess 2006/03/14
)
Package minitoc Info: I0001
(minitoc)             *** minitoc package, version 62 ***.
\tf@mtc=\write5
\mtcindent=\skip73
\mtcskipamount=\skip74
Package minitoc Info: I0005
(minitoc)             compatible with hyperref.
Package minitoc Info: I0023
(minitoc)             part level macros available.
Package minitoc Info: I0004
(minitoc)             chapter level macros NOT available.
Package minitoc Info: I0028
(minitoc)             section level macros available.
\mtc@toks=\toks41
\mtc@strutbox=\box71
\mtc@hstrutbox=\box72
Package minitoc Info: I0002
(minitoc)             Autoconfiguration of extensions.
\openout5 = `main_remarkable.mtc0'.

\openout5 = `main_remarkable.mtc'.


(./main_remarkable.mtc0)
Package minitoc Info: I0012
(minitoc)             Long extensions (Unix-like) will be used.
Package minitoc Info: I0031
(minitoc)             ==> this version is configured for UNIX-like 
(minitoc)                 (long extensions) file names.
\openout5 = `main_remarkable.mtc'.

\openout5 = `main_remarkable.mtc0'.

\c@ptc=\count327
\c@parttocdepth=\count328
\ptcindent=\skip75
\c@stc=\count329
\c@secttocdepth=\count330
\stcindent=\skip76
Package minitoc Info: I0010
(minitoc)             The english language is selected.
(minitoc)              on input line 4910.

(/usr/share/texlive/texmf-dist/tex/latex/minitoc/english.mld
File: english.mld 2006/01/13
)
(/usr/share/texlive/texmf-dist/tex/latex/minitoc/english.mld
File: english.mld 2006/01/13
))
Package minitoc Info: I0025
(minitoc)             PREPARING PARTTOCS FROM main_remarkable.toc on input line
 64.

{\reset@font\ptcSfont\mtc@string\contentsline{section}{\noexpand \leavevmode \n
umberline {1}Introduction}{\reset@font\ptcSfont 1}{section.1}}
{\reset@font\ptcSfont\mtc@string\contentsline{section}{\noexpand \leavevmode \n
umberline {2}Related Works}{\reset@font\ptcSfont 3}{section.2}}
{\reset@font\ptcPfont\mtc@string\contentsline{paragraph}{\noexpand \leavevmode 
\relax \textit {SE(3)/E(3)}-Equivariant GNNs.}{\reset@font\ptcPfont 3}{section.
2}}
{\reset@font\ptcSfont\mtc@string\contentsline{section}{\noexpand \leavevmode \n
umberline {3}Background}{\reset@font\ptcSfont 4}{section.3}}
{\reset@font\ptcSSfont\mtc@string\contentsline{subsection}{\noexpand \leavevmod
e \numberline {3.1}$E(3)$ Equivariance}{\reset@font\ptcSSfont 4}{subsection.3.1
}}
{\reset@font\ptcSSfont\mtc@string\contentsline{subsection}{\noexpand \leavevmod
e \numberline {3.2}Irreducible Representations}{\reset@font\ptcSSfont 4}{subsec
tion.3.2}}
{\reset@font\ptcPfont\mtc@string\contentsline{paragraph}{\noexpand \leavevmode 
\relax Irreps Features.}{\reset@font\ptcPfont 4}{subsection.3.2}}
{\reset@font\ptcPfont\mtc@string\contentsline{paragraph}{\noexpand \leavevmode 
\relax Spherical Harmonics.}{\reset@font\ptcPfont 5}{subsection.3.2}}
{\reset@font\ptcSSfont\mtc@string\contentsline{subsection}{\noexpand \leavevmod
e \numberline {3.3}Tensor Product}{\reset@font\ptcSSfont 5}{subsection.3.3}}
{\reset@font\ptcSfont\mtc@string\contentsline{section}{\noexpand \leavevmode \n
umberline {4}Equiformer}{\reset@font\ptcSfont 5}{section.4}}
{\reset@font\ptcSSfont\mtc@string\contentsline{subsection}{\noexpand \leavevmod
e \numberline {4.1}Equivariant Operations for Irreps Features}{\reset@font\ptcS
Sfont 6}{subsection.4.1}}
{\reset@font\ptcPfont\mtc@string\contentsline{paragraph}{\noexpand \leavevmode 
\relax Linear.}{\reset@font\ptcPfont 6}{subsection.4.1}}
{\reset@font\ptcPfont\mtc@string\contentsline{paragraph}{\noexpand \leavevmode 
\relax Layer Normalization.}{\reset@font\ptcPfont 6}{subsection.4.1}}
{\reset@font\ptcPfont\mtc@string\contentsline{paragraph}{\noexpand \leavevmode 
\relax Gate.}{\reset@font\ptcPfont 7}{subsection.4.1}}
{\reset@font\ptcPfont\mtc@string\contentsline{paragraph}{\noexpand \leavevmode 
\relax Depth-wise Tensor Product.}{\reset@font\ptcPfont 7}{subsection.4.1}}
{\reset@font\ptcSSfont\mtc@string\contentsline{subsection}{\noexpand \leavevmod
e \numberline {4.2}Equivariant Graph Attention}{\reset@font\ptcSSfont 7}{subsec
tion.4.2}}
{\reset@font\ptcPfont\mtc@string\contentsline{paragraph}{\noexpand \leavevmode 
\relax Incorporating Content and Geometric Information.}{\reset@font\ptcPfont 7
}{equation.4.2}}
{\reset@font\ptcPfont\mtc@string\contentsline{paragraph}{\noexpand \leavevmode 
\relax Multi-Layer Perceptron Attention.}{\reset@font\ptcPfont 8}{equation.4.3}
}
{\reset@font\ptcPfont\mtc@string\contentsline{paragraph}{\noexpand \leavevmode 
\relax Non-Linear Message Passing.}{\reset@font\ptcPfont 9}{equation.4.4}}
{\reset@font\ptcPfont\mtc@string\contentsline{paragraph}{\noexpand \leavevmode 
\relax Multi-Head Attention.}{\reset@font\ptcPfont 9}{equation.4.5}}
{\reset@font\ptcSSfont\mtc@string\contentsline{subsection}{\noexpand \leavevmod
e \numberline {4.3}Overall Architecture}{\reset@font\ptcSSfont 9}{subsection.4.
3}}
{\reset@font\ptcPfont\mtc@string\contentsline{paragraph}{\noexpand \leavevmode 
\relax Embedding.}{\reset@font\ptcPfont 9}{subsection.4.3}}
{\reset@font\ptcPfont\mtc@string\contentsline{paragraph}{\noexpand \leavevmode 
\relax Radial Basis and Radial Function.}{\reset@font\ptcPfont 9}{subsection.4.
3}}
{\reset@font\ptcPfont\mtc@string\contentsline{paragraph}{\noexpand \leavevmode 
\relax Feed Forward Network.}{\reset@font\ptcPfont 9}{subsection.4.3}}
{\reset@font\ptcPfont\mtc@string\contentsline{paragraph}{\noexpand \leavevmode 
\relax Output Head.}{\reset@font\ptcPfont 10}{subsection.4.3}}
{\reset@font\ptcSfont\mtc@string\contentsline{section}{\noexpand \leavevmode \n
umberline {5}Experiment}{\reset@font\ptcSfont 10}{section.5}}
{\reset@font\ptcSSfont\mtc@string\contentsline{subsection}{\noexpand \leavevmod
e \numberline {5.1}QM9}{\reset@font\ptcSSfont 10}{subsection.5.1}}
{\reset@font\ptcPfont\mtc@string\contentsline{paragraph}{\noexpand \leavevmode 
\relax Dataset.}{\reset@font\ptcPfont 10}{subsection.5.1}}
{\reset@font\ptcPfont\mtc@string\contentsline{paragraph}{\noexpand \leavevmode 
\relax Training Details.}{\reset@font\ptcPfont 10}{subsection.5.1}}
{\reset@font\ptcPfont\mtc@string\contentsline{paragraph}{\noexpand \leavevmode 
\relax Results.}{\reset@font\ptcPfont 10}{subsection.5.1}}
{\reset@font\ptcSSfont\mtc@string\contentsline{subsection}{\noexpand \leavevmod
e \numberline {5.2}MD17}{\reset@font\ptcSSfont 11}{subsection.5.2}}
{\reset@font\ptcPfont\mtc@string\contentsline{paragraph}{\noexpand \leavevmode 
\relax Dataset.}{\reset@font\ptcPfont 11}{subsection.5.2}}
{\reset@font\ptcPfont\mtc@string\contentsline{paragraph}{\noexpand \leavevmode 
\relax Training Details.}{\reset@font\ptcPfont 11}{subsection.5.2}}
{\reset@font\ptcPfont\mtc@string\contentsline{paragraph}{\noexpand \leavevmode 
\relax Results.}{\reset@font\ptcPfont 11}{subsection.5.2}}
{\reset@font\ptcSSfont\mtc@string\contentsline{subsection}{\noexpand \leavevmod
e \numberline {5.3}OC20}{\reset@font\ptcSSfont 12}{subsection.5.3}}
{\reset@font\ptcPfont\mtc@string\contentsline{paragraph}{\noexpand \leavevmode 
\relax Dataset.}{\reset@font\ptcPfont 12}{subsection.5.3}}
{\reset@font\ptcPfont\mtc@string\contentsline{paragraph}{\noexpand \leavevmode 
\relax Setting.}{\reset@font\ptcPfont 12}{subsection.5.3}}
{\reset@font\ptcPfont\mtc@string\contentsline{paragraph}{\noexpand \leavevmode 
\relax Training Details.}{\reset@font\ptcPfont 12}{subsection.5.3}}
{\reset@font\ptcPfont\mtc@string\contentsline{paragraph}{\noexpand \leavevmode 
\relax IS2RE Results without Node-Level Auxiliary Task.}{\reset@font\ptcPfont 1
2}{subsection.5.3}}
{\reset@font\ptcPfont\mtc@string\contentsline{paragraph}{\noexpand \leavevmode 
\relax IS2RE Results with IS2RS Node-Level Auxiliary Task.}{\reset@font\ptcPfon
t 13}{subsection.5.3}}
{\reset@font\ptcSSfont\mtc@string\contentsline{subsection}{\noexpand \leavevmod
e \numberline {5.4}Ablation Study}{\reset@font\ptcSSfont 13}{subsection.5.4}}
{\reset@font\ptcPfont\mtc@string\contentsline{paragraph}{\noexpand \leavevmode 
\relax Result on QM9.}{\reset@font\ptcPfont 13}{subsection.5.4}}
{\reset@font\ptcPfont\mtc@string\contentsline{paragraph}{\noexpand \leavevmode 
\relax Result on OC20.}{\reset@font\ptcPfont 13}{subsection.5.4}}
{\reset@font\ptcSfont\mtc@string\contentsline{section}{\noexpand \leavevmode \n
umberline {6}Conclusion}{\reset@font\ptcSfont 14}{section.6}}
{\reset@font\ptcSfont\mtc@string\contentsline{section}{\noexpand \leavevmode \n
umberline {7}Ethics Statement}{\reset@font\ptcSfont 14}{section.7}}
{\reset@font\ptcSfont\mtc@string\contentsline{section}{\noexpand \leavevmode \n
umberline {8}Reproducibility Statement }{\reset@font\ptcSfont 14}{section.8}}
{\reset@font\ptcSfont\mtc@string\contentsline{section}{\noexpand \leavevmode \n
umberline {A}Additional Background}{\reset@font\ptcSfont 25}{appendix.A}}
{\reset@font\ptcSSfont\mtc@string\contentsline{subsection}{\noexpand \leavevmod
e \numberline {A.1}Group Theory}{\reset@font\ptcSSfont 25}{subsection.A.1}}
{\reset@font\ptcPfont\mtc@string\contentsline{paragraph}{\noexpand \leavevmode 
\relax Definition of Groups.}{\reset@font\ptcPfont 25}{subsection.A.1}}
{\reset@font\ptcPfont\mtc@string\contentsline{paragraph}{\noexpand \leavevmode 
\relax Group Representations.}{\reset@font\ptcPfont 25}{Item.8}}
{\reset@font\ptcSSfont\mtc@string\contentsline{subsection}{\noexpand \leavevmod
e \numberline {A.2}Equivariance}{\reset@font\ptcSSfont 26}{subsection.A.2}}
{\reset@font\ptcPfont\mtc@string\contentsline{paragraph}{\noexpand \leavevmode 
\relax Definition of Equivariance and Invariance.}{\reset@font\ptcPfont 26}{sub
section.A.2}}
{\reset@font\ptcPfont\mtc@string\contentsline{paragraph}{\noexpand \leavevmode 
\relax Equivariance in Neural Networks.}{\reset@font\ptcPfont 26}{subsection.A.
2}}
{\reset@font\ptcSSfont\mtc@string\contentsline{subsection}{\noexpand \leavevmod
e \numberline {A.3}Equivariant Features Based on Vector Spaces of Irreducible R
epresentations}{\reset@font\ptcSSfont 26}{subsection.A.3}}
{\reset@font\ptcPfont\mtc@string\contentsline{paragraph}{\noexpand \leavevmode 
\relax Irreducible Representations of Inversion.}{\reset@font\ptcPfont 26}{subs
ection.A.3}}
{\reset@font\ptcPfont\mtc@string\contentsline{paragraph}{\noexpand \leavevmode 
\relax Irreps Features.}{\reset@font\ptcPfont 26}{subsection.A.3}}
{\reset@font\ptcPfont\mtc@string\contentsline{paragraph}{\noexpand \leavevmode 
\relax Spherical Harmonics.}{\reset@font\ptcPfont 27}{subsection.A.3}}
{\reset@font\ptcPfont\mtc@string\contentsline{paragraph}{\noexpand \leavevmode 
\relax Vectors of Higher $L$ and Other Parities.}{\reset@font\ptcPfont 27}{subs
ection.A.3}}
{\reset@font\ptcSSfont\mtc@string\contentsline{subsection}{\noexpand \leavevmod
e \numberline {A.4}Tensor Product}{\reset@font\ptcSSfont 27}{subsection.A.4}}
{\reset@font\ptcPfont\mtc@string\contentsline{paragraph}{\noexpand \leavevmode 
\relax Tensor Product for $O(3)$.}{\reset@font\ptcPfont 27}{subsection.A.4}}
{\reset@font\ptcPfont\mtc@string\contentsline{paragraph}{\noexpand \leavevmode 
\relax Clebsch-Gordan Coefficients.}{\reset@font\ptcPfont 28}{equation.A.8}}
{\reset@font\ptcPfont\mtc@string\contentsline{paragraph}{\noexpand \leavevmode 
\relax Examples of Tensor Products.}{\reset@font\ptcPfont 28}{equation.A.9}}
{\reset@font\ptcSfont\mtc@string\contentsline{section}{\noexpand \leavevmode \n
umberline {B}Related Works}{\reset@font\ptcSfont 28}{appendix.B}}
{\reset@font\ptcSSfont\mtc@string\contentsline{subsection}{\noexpand \leavevmod
e \numberline {B.1}Graph Neural Networks for 3D Atomistic Graphs}{\reset@font\p
tcSSfont 28}{subsection.B.1}}
{\reset@font\ptcSSfont\mtc@string\contentsline{subsection}{\noexpand \leavevmod
e \numberline {B.2}{Detailed Comparison between equivariant Transformers}}{\res
et@font\ptcSSfont 29}{subsection.B.2}}
{\reset@font\ptcSSfont\mtc@string\contentsline{subsection}{\noexpand \leavevmod
e \numberline {B.3}Invariant GNNs}{\reset@font\ptcSSfont 30}{subsection.B.3}}
{\reset@font\ptcSSfont\mtc@string\contentsline{subsection}{\noexpand \leavevmod
e \numberline {B.4}Attention and Transformer}{\reset@font\ptcSSfont 31}{subsect
ion.B.4}}
{\reset@font\ptcPfont\mtc@string\contentsline{paragraph}{\noexpand \leavevmode 
\relax Graph Attention.}{\reset@font\ptcPfont 31}{subsection.B.4}}
{\reset@font\ptcPfont\mtc@string\contentsline{paragraph}{\noexpand \leavevmode 
\relax Graph Transformer.}{\reset@font\ptcPfont 31}{subsection.B.4}}
{\reset@font\ptcSfont\mtc@string\contentsline{section}{\noexpand \leavevmode \n
umberline {C}Details of Architecture}{\reset@font\ptcSfont 31}{appendix.C}}
{\reset@font\ptcSSfont\mtc@string\contentsline{subsection}{\noexpand \leavevmod
e \numberline {C.1}Equivariant Operation Used in Equiformer}{\reset@font\ptcSSf
ont 31}{subsection.C.1}}
{\reset@font\ptcSSfont\mtc@string\contentsline{subsection}{\noexpand \leavevmod
e \numberline {C.2}Equiformer Architecture}{\reset@font\ptcSSfont 32}{subsectio
n.C.2}}
{\reset@font\ptcSSfont\mtc@string\contentsline{subsection}{\noexpand \leavevmod
e \numberline {C.3}Dot Product Attention}{\reset@font\ptcSSfont 34}{subsection.
C.3}}
{\reset@font\ptcSSfont\mtc@string\contentsline{subsection}{\noexpand \leavevmod
e \numberline {C.4}{Incorporating $E(3)$-Equivariance}}{\reset@font\ptcSSfont 3
4}{subsection.C.4}}
{\reset@font\ptcSSfont\mtc@string\contentsline{subsection}{\noexpand \leavevmod
e \numberline {C.5}Discussion on Computational Complexity}{\reset@font\ptcSSfon
t 35}{subsection.C.5}}
{\reset@font\ptcSfont\mtc@string\contentsline{section}{\noexpand \leavevmode \n
umberline {D}Details of Experiments on QM9}{\reset@font\ptcSfont 35}{appendix.D
}}
{\reset@font\ptcSSfont\mtc@string\contentsline{subsection}{\noexpand \leavevmod
e \numberline {D.1}Training Details}{\reset@font\ptcSSfont 35}{subsection.D.1}}

{\reset@font\ptcSSfont\mtc@string\contentsline{subsection}{\noexpand \leavevmod
e \numberline {D.2}Comparison between $SE(3)$ and $E(3)$ Equivariance}{\reset@f
ont\ptcSSfont 37}{subsection.D.2}}
{\reset@font\ptcSSfont\mtc@string\contentsline{subsection}{\noexpand \leavevmod
e \numberline {D.3}Comparison of Training Time and Numbers of Parameters}{\rese
t@font\ptcSSfont 37}{subsection.D.3}}
{\reset@font\ptcSfont\mtc@string\contentsline{section}{\noexpand \leavevmode \n
umberline {E}Details of Experiments on MD17}{\reset@font\ptcSfont 38}{appendix.
E}}
{\reset@font\ptcSSfont\mtc@string\contentsline{subsection}{\noexpand \leavevmod
e \numberline {E.1}Training Details}{\reset@font\ptcSSfont 38}{subsection.E.1}}

{\reset@font\ptcSSfont\mtc@string\contentsline{subsection}{\noexpand \leavevmod
e \numberline {E.2}Additional Comparison to TorchMD-NET}{\reset@font\ptcSSfont 
38}{subsection.E.2}}
{\reset@font\ptcSSfont\mtc@string\contentsline{subsection}{\noexpand \leavevmod
e \numberline {E.3}Comparison of Training Time and Numbers of Parameters}{\rese
t@font\ptcSSfont 40}{subsection.E.3}}
{\reset@font\ptcSfont\mtc@string\contentsline{section}{\noexpand \leavevmode \n
umberline {F}Details of Experiments on OC20}{\reset@font\ptcSfont 40}{appendix.
F}}
{\reset@font\ptcSSfont\mtc@string\contentsline{subsection}{\noexpand \leavevmod
e \numberline {F.1}Detailed Description of OC20 Dataset}{\reset@font\ptcSSfont 
40}{subsection.F.1}}
{\reset@font\ptcSSfont\mtc@string\contentsline{subsection}{\noexpand \leavevmod
e \numberline {F.2}Training Details}{\reset@font\ptcSSfont 41}{subsection.F.2}}

{\reset@font\ptcPfont\mtc@string\contentsline{paragraph}{\noexpand \leavevmode 
\relax IS2RE without Node-Level Auxiliary Task.}{\reset@font\ptcPfont 41}{subse
ction.F.2}}
{\reset@font\ptcPfont\mtc@string\contentsline{paragraph}{\noexpand \leavevmode 
\relax IS2RE with IS2RS Node-Level Auxiliary Task.}{\reset@font\ptcPfont 41}{su
bsection.F.2}}
{\reset@font\ptcSSfont\mtc@string\contentsline{subsection}{\noexpand \leavevmod
e \numberline {F.3}Results on IS2RE Validation Set}{\reset@font\ptcSSfont 41}{s
ubsection.F.3}}
{\reset@font\ptcSSfont\mtc@string\contentsline{subsection}{\noexpand \leavevmod
e \numberline {F.4}Comparison between $SE(3)$ and $E(3)$ Equivariance}{\reset@f
ont\ptcSSfont 41}{subsection.F.4}}
{\reset@font\ptcSSfont\mtc@string\contentsline{subsection}{\noexpand \leavevmod
e \numberline {F.5}Comparison of Training Time and Numbers of Parameters}{\rese
t@font\ptcSSfont 43}{subsection.F.5}}
{\reset@font\ptcSSfont\mtc@string\contentsline{subsection}{\noexpand \leavevmod
e \numberline {F.6}Error Distributions}{\reset@font\ptcSSfont 43}{subsection.F.
6}}
{\reset@font\ptcSfont\mtc@string\contentsline{section}{\noexpand \leavevmode \n
umberline {G}Limitations}{\reset@font\ptcSfont 44}{appendix.G}}
\tf@toc=\write6
\openout6 = `main_remarkable.toc'.

Package hyperref Info: Option `colorlinks' set `true' on input line 76.
(/usr/share/texlive/texmf-dist/tex/latex/geometry/geometry.sty
Package: geometry 2020/01/02 v5.9 Page Geometry

(/usr/share/texlive/texmf-dist/tex/generic/iftex/ifvtex.sty
Package: ifvtex 2019/10/25 v1.7 ifvtex legacy package. Use iftex instead.
)
\Gm@cnth=\count331
\Gm@cntv=\count332
\c@Gm@tempcnt=\count333
\Gm@bindingoffset=\dimen296
\Gm@wd@mp=\dimen297
\Gm@odd@mp=\dimen298
\Gm@even@mp=\dimen299
\Gm@layoutwidth=\dimen300
\Gm@layoutheight=\dimen301
\Gm@layouthoffset=\dimen302
\Gm@layoutvoffset=\dimen303
\Gm@dimlist=\toks42
)
(./main_remarkable.aux

LaTeX Warning: Label `appendix:fig:oc20_val_ood_ads' multiply defined.


LaTeX Warning: Label `sub@appendix:fig:oc20_val_ood_ads' multiply defined.


LaTeX Warning: Label `appendix:fig:oc20_val_ood_ads' multiply defined.


LaTeX Warning: Label `sub@appendix:fig:oc20_val_ood_ads' multiply defined.

)
\openout1 = `main_remarkable.aux'.

LaTeX Font Info:    Checking defaults for OML/cmm/m/it on input line 129.
LaTeX Font Info:    ... okay on input line 129.
LaTeX Font Info:    Checking defaults for OMS/cmsy/m/n on input line 129.
LaTeX Font Info:    ... okay on input line 129.
LaTeX Font Info:    Checking defaults for OT1/cmr/m/n on input line 129.
LaTeX Font Info:    ... okay on input line 129.
LaTeX Font Info:    Checking defaults for T1/cmr/m/n on input line 129.
LaTeX Font Info:    ... okay on input line 129.
LaTeX Font Info:    Checking defaults for TS1/cmr/m/n on input line 129.
LaTeX Font Info:    ... okay on input line 129.
LaTeX Font Info:    Checking defaults for OMX/cmex/m/n on input line 129.
LaTeX Font Info:    ... okay on input line 129.
LaTeX Font Info:    Checking defaults for U/cmr/m/n on input line 129.
LaTeX Font Info:    ... okay on input line 129.
LaTeX Font Info:    Checking defaults for PD1/pdf/m/n on input line 129.
LaTeX Font Info:    ... okay on input line 129.
LaTeX Font Info:    Checking defaults for PU/pdf/m/n on input line 129.
LaTeX Font Info:    ... okay on input line 129.
 (/usr/share/texlive/texmf-dist/tex/context/base/mkii/supp-pdf.mkii
[Loading MPS to PDF converter (version 2006.09.02).]
\scratchcounter=\count334
\scratchdimen=\dimen304
\scratchbox=\box73
\nofMPsegments=\count335
\nofMParguments=\count336
\everyMPshowfont=\toks43
\MPscratchCnt=\count337
\MPscratchDim=\dimen305
\MPnumerator=\count338
\makeMPintoPDFobject=\count339
\everyMPtoPDFconversion=\toks44
) (/usr/share/texlive/texmf-dist/tex/latex/epstopdf-pkg/epstopdf-base.sty
Package: epstopdf-base 2020-01-24 v2.11 Base part for package epstopdf
Package epstopdf-base Info: Redefining graphics rule for `.eps' on input line 4
85.

(/usr/share/texlive/texmf-dist/tex/latex/latexconfig/epstopdf-sys.cfg
File: epstopdf-sys.cfg 2010/07/13 v1.3 Configuration of (r)epstopdf for TeX Liv
e
))
Package hyperref Info: Link coloring ON on input line 129.

(/usr/share/texlive/texmf-dist/tex/latex/hyperref/nameref.sty
Package: nameref 2021-04-02 v2.47 Cross-referencing by name of section

(/usr/share/texlive/texmf-dist/tex/latex/refcount/refcount.sty
Package: refcount 2019/12/15 v3.6 Data extraction from label references (HO)
)
(/usr/share/texlive/texmf-dist/tex/generic/gettitlestring/gettitlestring.sty
Package: gettitlestring 2019/12/15 v1.6 Cleanup title references (HO)
)
\c@section@level=\count340
)
LaTeX Info: Redefining \ref on input line 129.
LaTeX Info: Redefining \pageref on input line 129.
LaTeX Info: Redefining \nameref on input line 129.

(./main_remarkable.out) (./main_remarkable.out)
\@outlinefile=\write7
\openout7 = `main_remarkable.out'.

LaTeX Info: Redefining \microtypecontext on input line 129.
Package microtype Info: Applying patch `item' on input line 129.
Package microtype Info: Applying patch `toc' on input line 129.


Package microtype Warning: Unable to apply patch `eqnum' on input line 129.

Package microtype Info: Applying patch `footnote' on input line 129.
Package microtype Info: Generating PDF output.
Package microtype Info: Character protrusion enabled (level 2).
Package microtype Info: Using default protrusion set `alltext'.
Package microtype Info: Automatic font expansion enabled (level 2),
(microtype)             stretch: 20, shrink: 20, step: 1, non-selected.
Package microtype Info: Using default expansion set `alltext-nott'.
LaTeX Info: Redefining \showhyphens on input line 129.
Package microtype Info: No adjustment of tracking.
Package microtype Info: No adjustment of interword spacing.
Package microtype Info: No adjustment of character kerning.
(/usr/share/texlive/texmf-dist/tex/latex/microtype/mt-ptm.cfg
File: mt-ptm.cfg 2006/04/20 v1.7 microtype config. file: Times (RS)
)
Package caption Info: Begin \AtBeginDocument code.
Package caption Info: changepage package is loaded.
\caption@adjustwidth@hsize=\dimen306
\caption@adjustwidth@linewidth=\dimen307
Package caption Info: End \AtBeginDocument code.
Package minitoc(hints) Info: I0049
(minitoc(hints))             ==> You requested the hints option. 
(minitoc(hints))             Some hints are eventually given below.
Package minitoc(hints) Info: I0042
(minitoc(hints))             --- The appendix package is loaded. 
(minitoc(hints))             See the minitoc package documentation 
(minitoc(hints))             for specific precautions.


Package minitoc(hints) Warning: W0030
(minitoc(hints))                --- The \part command is altered 
(minitoc(hints))                after minitoc.


Package minitoc(hints) Warning: W0023
(minitoc(hints))                --- It may be the consequence 
(minitoc(hints))                of loading the ``hyperref'' package.


Package minitoc(hints) Warning: W0039
(minitoc(hints))                --- The \section command is altered 
(minitoc(hints))                after minitoc.


Package minitoc(hints) Warning: W0023
(minitoc(hints))                --- It may be the consequence 
(minitoc(hints))                of loading the ``hyperref'' package.

*geometry* driver: auto-detecting
*geometry* detected driver: pdftex
*geometry* verbose mode - [ preamble ] result:
* driver: pdftex
* paper: custom
* layout: <same size as paper>
* layoutoffset:(h,v)=(0.0pt,0.0pt)
* modes: 
* h-part:(L,W,R)=(62.31216pt, 290.78589pt, 62.31218pt)
* v-part:(T,H,B)=(66.46643pt, 387.7152pt, 99.69965pt)
* \paperwidth=415.41023pt
* \paperheight=553.88127pt
* \textwidth=290.78589pt
* \textheight=387.7152pt
* \oddsidemargin=-9.95782pt
* \evensidemargin=-9.95782pt
* \topmargin=-60.87105pt
* \headheight=12.0pt
* \headsep=43.06749pt
* \topskip=10.0pt
* \footskip=30.0pt
* \marginparwidth=5.05942pt
* \marginparsep=11.0pt
* \columnsep=10.0pt
* \skip\footins=9.0pt plus 4.0pt minus 2.0pt
* \hoffset=0.0pt
* \voffset=0.0pt
* \mag=1000
* \@twocolumnfalse
* \@twosidefalse
* \@mparswitchfalse
* \@reversemarginfalse
* (1in=72.27pt=25.4mm, 1cm=28.453pt)

*geometry* verbose mode - [ newgeometry ] result:
* driver: pdftex
* paper: custom
* layout: <same size as paper>
* layoutoffset:(h,v)=(0.0pt,0.0pt)
* modes: 
* h-part:(L,W,R)=(31.29802pt, 352.8142pt, 31.29802pt)
* v-part:(T,H,B)=(28.45274pt, 491.28523pt, 34.1433pt)
* \paperwidth=415.41023pt
* \paperheight=553.88127pt
* \textwidth=352.8142pt
* \textheight=491.28523pt
* \oddsidemargin=-40.97197pt
* \evensidemargin=-40.97197pt
* \topmargin=-60.81725pt
* \headheight=12.0pt
* \headsep=5.0pt
* \topskip=10.0pt
* \footskip=14.0pt
* \marginparwidth=5.05942pt
* \marginparsep=11.0pt
* \columnsep=10.0pt
* \skip\footins=9.0pt plus 4.0pt minus 2.0pt
* \hoffset=0.0pt
* \voffset=0.0pt
* \mag=1000
* \@twocolumnfalse
* \@twosidefalse
* \@mparswitchfalse
* \@reversemarginfalse
* (1in=72.27pt=25.4mm, 1cm=28.453pt)


Underfull \hbox (badness 7832) in paragraph at lines 133--133
\T1/ptm/m/sc/17.28 (+20) tion Trans-former for 3D Atom-istic
 []

(/usr/share/texlive/texmf-dist/tex/latex/microtype/mt-cmr.cfg
File: mt-cmr.cfg 2013/05/19 v2.2 microtype config. file: Computer Modern Roman 
(RS)
)
LaTeX Font Info:    Trying to load font information for U+msa on input line 133
.

(/usr/share/texlive/texmf-dist/tex/latex/amsfonts/umsa.fd
File: umsa.fd 2013/01/14 v3.01 AMS symbols A
)
(/usr/share/texlive/texmf-dist/tex/latex/microtype/mt-msa.cfg
File: mt-msa.cfg 2006/02/04 v1.1 microtype config. file: AMS symbols (a) (RS)
)
LaTeX Font Info:    Trying to load font information for U+msb on input line 133
.

(/usr/share/texlive/texmf-dist/tex/latex/amsfonts/umsb.fd
File: umsb.fd 2013/01/14 v3.01 AMS symbols B
)
(/usr/share/texlive/texmf-dist/tex/latex/microtype/mt-msb.cfg
File: mt-msb.cfg 2005/06/01 v1.0 microtype config. file: AMS symbols (b) (RS)
)
LaTeX Font Info:    Trying to load font information for T1+pcr on input line 13
3.

(/usr/share/texlive/texmf-dist/tex/latex/psnfss/t1pcr.fd
File: t1pcr.fd 2001/06/04 font definitions for T1/pcr.
)
Package microtype Info: Loading generic protrusion settings for font family
(microtype)             `pcr' (encoding: T1).
(microtype)             For optimal results, create family-specific settings.
(microtype)             See the microtype manual for details.

(./content/0_abstract.tex) (./content/1_introduction.tex [1{/var/lib/texmf/font
s/map/pdftex/updmap/pdftex.map}


]
Underfull \vbox (badness 10000) has occurred while \output is active []

 [2])
(./content/4_related_works.tex Excluding 'comment' comment.)
(./content/2_background.tex (./content/2_2_e3_equivariance.tex

Package hyperref Warning: Token not allowed in a PDF string (Unicode):
(hyperref)                removing `math shift' on input line 2.


Package hyperref Warning: Token not allowed in a PDF string (Unicode):
(hyperref)                removing `math shift' on input line 2.


Underfull \vbox (badness 5345) has occurred while \output is active []

 [3])
(./content/2_3_irreducible_representations.tex Excluding 'comment' comment.
[4]) (./content/2_4_tensor_product.tex)) (./content/3_equiformer.tex
<figure/equiformer.png, id=496, 1772.49702pt x 1254.93843pt>
File: figure/equiformer.png Graphic file (type png)
<use figure/equiformer.png>
Package pdftex.def Info: figure/equiformer.png  used on input line 2.
(pdftex.def)             Requested size: 264.61064pt x 187.33264pt.

(./content/3_1_equivariant_operations.tex [5] [6 <./figure/equiformer.png>]

pdfTeX warning: pdflatex (file ./figure/equivariant_operation.pdf): PDF inclusi
on: found PDF version <1.7>, but at most version <1.5> allowed
<figure/equivariant_operation.pdf, id=533, 694.55052pt x 241.45377pt>
File: figure/equivariant_operation.pdf Graphic file (type pdf)
<use figure/equivariant_operation.pdf>
Package pdftex.def Info: figure/equivariant_operation.pdf  used on input line 6
7.
(pdftex.def)             Requested size: 299.89421pt x 104.25783pt.
) (./content/3_2_equivariant_graph_attention.tex [7] [8 <./figure/equivariant_o
peration.pdf>]) (./content/3_3_overall_architecture.tex))
(./content/5_experiment.tex
Underfull \hbox (badness 10000) in paragraph at lines 10--54
[][]
 []

[9] (./content/5_1_qm9.tex) (./content/5_2_md17.tex [10])
(./content/5_3_oc20.tex
Overfull \hbox (4.96307pt too wide) in paragraph at lines 136--136
[]|\T1/ptm/m/n/10 (-20) 56| 
 []


Overfull \hbox (9.86307pt too wide) in paragraph at lines 136--136
[]|\T1/ptm/m/n/10 (-20) 372| 
 []


Overfull \hbox (4.96307pt too wide) in paragraph at lines 136--136
[]|\T1/ptm/b/n/10 (-20) 24| 
 []

[11] [12]) (./content/5_4_ablation_study.tex)) (./content/6_conclusion.tex
[13] Excluding 'comment' comment. [14]) (./main_remarkable.bbl [15] [16]
[17]
Underfull \hbox (badness 1199) in paragraph at lines 260--267
\T1/ptm/m/it/10 (+20) ral Net-works\T1/ptm/m/n/10 (+20) , 4(2):251--257, 1991. 
 ISSN 0893-6080.  doi: $https : / / doi . org /
 []

[18]
LaTeX Font Info:    Trying to load font information for TS1+ptm on input line 4
10.
 (/usr/share/texlive/texmf-dist/tex/latex/psnfss/ts1ptm.fd
File: ts1ptm.fd 2001/06/04 font definitions for TS1/ptm.
)
Overfull \hbox (89.48582pt too wide) in paragraph at lines 404--416
\T1/pcr/m/n/10 9015-[]pytorch-[]an-[]imperative-[]style-[]high-[]performance-[]
deep-[]learning-[]library .
 []

[19]
Underfull \hbox (badness 10000) in paragraph at lines 451--457
\T1/pcr/m/n/10 / / www . amazon . com / Deep-[]Learning-[]Life-[]Sciences-[]Mic
roscopy /
 []

[20] [21] [22]) [23] (./content/8_appendix.tex Excluding 'comment' comment.
(./content/8_1_background.tex [24] [25] [26] [27])
(./content/8_2_related_work_on_attention_transformer.tex [28] [29] [30])
(./content/8_3_architecture.tex

pdfTeX warning: pdflatex (file ./figure/depthwise_tensor_product_e3nn.pdf): PDF
 inclusion: found PDF version <1.7>, but at most version <1.5> allowed
<figure/depthwise_tensor_product_e3nn.pdf, id=1181, 770.17871pt x 227.32753pt>
File: figure/depthwise_tensor_product_e3nn.pdf Graphic file (type pdf)
<use figure/depthwise_tensor_product_e3nn.pdf>
Package pdftex.def Info: figure/depthwise_tensor_product_e3nn.pdf  used on inpu
t line 9.
(pdftex.def)             Requested size: 349.28798pt x 103.09772pt.
<figure/dot_product_attention.png, id=1186, 642.14906pt x 1210.89891pt>
File: figure/dot_product_attention.png Graphic file (type png)
<use figure/dot_product_attention.png>
Package pdftex.def Info: figure/dot_product_attention.png  used on input line 2
1.
(pdftex.def)             Requested size: 123.4871pt x 232.8447pt.
[31] [32 <./figure/depthwise_tensor_product_e3nn.pdf>]
Underfull \vbox (badness 7504) has occurred while \output is active []

 [33 <./figure/dot_product_attention.png>]

Package hyperref Warning: Token not allowed in a PDF string (Unicode):
(hyperref)                removing `math shift' on input line 99.


Package hyperref Warning: Token not allowed in a PDF string (Unicode):
(hyperref)                removing `math shift' on input line 99.

[34]) (./content/8_4_qm9.tex

LaTeX Warning: No positions in optional float specifier.
               Default added (so using `tbp') on input line 6.

[35] [36]

Package hyperref Warning: Token not allowed in a PDF string (Unicode):
(hyperref)                removing `math shift' on input line 108.


Package hyperref Warning: Token not allowed in a PDF string (Unicode):
(hyperref)                removing `math shift' on input line 108.


Package hyperref Warning: Token not allowed in a PDF string (Unicode):
(hyperref)                removing `math shift' on input line 108.


Package hyperref Warning: Token not allowed in a PDF string (Unicode):
(hyperref)                removing `math shift' on input line 108.

[37]) (./content/8_5_md17.tex

LaTeX Warning: No positions in optional float specifier.
               Default added (so using `tbp') on input line 40.

[38] [39]) (./content/8_6_oc20.tex [40]

Package hyperref Warning: Token not allowed in a PDF string (Unicode):
(hyperref)                removing `math shift' on input line 161.


Package hyperref Warning: Token not allowed in a PDF string (Unicode):
(hyperref)                removing `math shift' on input line 161.


Package hyperref Warning: Token not allowed in a PDF string (Unicode):
(hyperref)                removing `math shift' on input line 161.


Package hyperref Warning: Token not allowed in a PDF string (Unicode):
(hyperref)                removing `math shift' on input line 161.

[41]
Underfull \vbox (badness 10000) has occurred while \output is active []

 [42]
<figure/val_id.pdf, id=1404, 524.96284pt x 670.41893pt>
File: figure/val_id.pdf Graphic file (type pdf)
<use figure/val_id.pdf>
Package pdftex.def Info: figure/val_id.pdf  used on input line 262.
(pdftex.def)             Requested size: 174.6413pt x 223.02913pt.
<figure/val_ood_ads.pdf, id=1405, 524.96284pt x 670.41893pt>
File: figure/val_ood_ads.pdf Graphic file (type pdf)
<use figure/val_ood_ads.pdf>
Package pdftex.def Info: figure/val_ood_ads.pdf  used on input line 269.
(pdftex.def)             Requested size: 174.6413pt x 223.02913pt.
<figure/val_ood_cat.pdf, id=1406, 524.96284pt x 670.41893pt>
File: figure/val_ood_cat.pdf Graphic file (type pdf)
<use figure/val_ood_cat.pdf>
Package pdftex.def Info: figure/val_ood_cat.pdf  used on input line 276.
(pdftex.def)             Requested size: 174.6413pt x 223.02913pt.
<figure/val_ood_both.pdf, id=1407, 524.96284pt x 670.41893pt>
File: figure/val_ood_both.pdf Graphic file (type pdf)
<use figure/val_ood_both.pdf>
Package pdftex.def Info: figure/val_ood_both.pdf  used on input line 282.
(pdftex.def)             Requested size: 174.6413pt x 223.02913pt.


LaTeX Warning: Float too large for page by 49.22575pt on input line 292.


Underfull \vbox (badness 1270) has occurred while \output is active []

 [43])
(./content/8_7_limitations.tex) [44] [45 <./figure/val_id.pdf> <./figure/val_oo
d_ads.pdf

pdfTeX warning: pdflatex (file ./figure/val_ood_ads.pdf): PDF inclusion: multip
le pdfs with page group included in a single page
> <./figure/val_ood_cat.pdf

pdfTeX warning: pdflatex (file ./figure/val_ood_cat.pdf): PDF inclusion: multip
le pdfs with page group included in a single page
> <./figure/val_ood_both.pdf

pdfTeX warning: pdflatex (file ./figure/val_ood_both.pdf): PDF inclusion: multi
ple pdfs with page group included in a single page
>])
Package minitoc Info: I0009
(minitoc)             Listing minitoc auxiliary files. 
(minitoc)             Creating the main_remarkable.maf file.
\openout5 = `main_remarkable.maf'.



Package minitoc(hints) Warning: W0075
(minitoc(hints))                You have used \doparttoc, 
(minitoc(hints))                but not \parttoc.


Package minitoc(hints) Warning: W0024
(minitoc(hints))                Some hints have been written 
(minitoc(hints))                in the main_remarkable.log file.

[46] (./main_remarkable.aux)

LaTeX Warning: There were multiply-defined labels.

Package rerunfilecheck Info: File `main_remarkable.out' has not changed.
(rerunfilecheck)             Checksum: 10EB3A775C61E53641B15AB5D4658C58;9372.
 ) 
Here is how much of TeX's memory you used:
 29955 strings out of 480247
 536881 string characters out of 5896152
 948353 words of memory out of 5000000
 46437 multiletter control sequences out of 15000+600000
 543430 words of font info for 322 fonts, out of 8000000 for 9000
 14 hyphenation exceptions out of 8191
 84i,17n,80p,1175b,622s stack positions out of 5000i,500n,10000p,200000b,80000s
{/usr/share/texlive/texmf-dist/fonts/enc/dvips/base/8r.enc}</usr/share/texliv
e/texmf-dist/fonts/type1/public/amsfonts/cm/cmex10.pfb></usr/share/texlive/texm
f-dist/fonts/type1/public/amsfonts/cm/cmmi10.pfb></usr/share/texlive/texmf-dist
/fonts/type1/public/amsfonts/cm/cmmi5.pfb></usr/share/texlive/texmf-dist/fonts/
type1/public/amsfonts/cm/cmmi7.pfb></usr/share/texlive/texmf-dist/fonts/type1/p
ublic/amsfonts/cm/cmr10.pfb></usr/share/texlive/texmf-dist/fonts/type1/public/a
msfonts/cm/cmr5.pfb></usr/share/texlive/texmf-dist/fonts/type1/public/amsfonts/
cm/cmr7.pfb></usr/share/texlive/texmf-dist/fonts/type1/public/amsfonts/cm/cmsy1
0.pfb></usr/share/texlive/texmf-dist/fonts/type1/public/amsfonts/cm/cmsy7.pfb><
/usr/share/texlive/texmf-dist/fonts/type1/public/amsfonts/symbols/msbm10.pfb></
usr/share/texlive/texmf-dist/fonts/type1/urw/courier/ucrr8a.pfb></usr/share/tex
live/texmf-dist/fonts/type1/urw/times/utmb8a.pfb></usr/share/texlive/texmf-dist
/fonts/type1/urw/times/utmbi8a.pfb></usr/share/texlive/texmf-dist/fonts/type1/u
rw/times/utmr8a.pfb></usr/share/texlive/texmf-dist/fonts/type1/urw/times/utmri8
a.pfb></usr/share/texlive/texmf-dist/fonts/type1/urw/zapfding/uzdr.pfb>
Output written on main_remarkable.pdf (46 pages, 1527778 bytes).
PDF statistics:
 1737 PDF objects out of 2073 (max. 8388607)
 1460 compressed objects within 15 object streams
 245 named destinations out of 1000 (max. 500000)
 63941 words of extra memory for PDF output out of 74296 (max. 10000000)

